python : Creating test database for alias 'default'...
At line:1 char:1
+ python manage.py test tests > test_output.txt 2>&1
+ ~~~~~~~~~~~~~~~~~~~~~~~~~~~~~~~~~~~~~~~~~~~~~~~~~~
    + CategoryInfo          : NotSpecified: (Creating test d...as 'default'...:String) [], RemoteException
    + FullyQualifiedErrorId : NativeCommandError
 

Found 29 test(s).
System check identified no issues (0 silenced).
.....EEEE..F.....F.FFF.......
======================================================================
ERROR: test_add_workspace_member_to_project 
(test_project_membership.ProjectMembershipTests.test_add_workspace_member_to_project)
----------------------------------------------------------------------
Traceback (most recent call last):
  File "C:\Users\Shreya\Multi_TT\tests\test_project_membership.py", line 15, in setUp
    self.user_admin = User.objects.create_user(email="admin@example.com", password="Pass1", display_name="Admin")
                      ~~~~~~~~~~~~~~~~~~~~~~~~^^^^^^^^^^^^^^^^^^^^^^^^^^^^^^^^^^^^^^^^^^^^^^^^^^^^^^^^^^^^^^^^^^^
  File "C:\Users\Shreya\Multi_TT\apps\accounts\managers.py", line 20, in create_user
    return self._create_user(email, password, **extra_fields)
           ~~~~~~~~~~~~~~~~~^^^^^^^^^^^^^^^^^^^^^^^^^^^^^^^^^
  File "C:\Users\Shreya\Multi_TT\apps\accounts\managers.py", line 12, in _create_user
    user = self.model(email=email, **extra_fields)
  File "C:\Users\Shreya\AppData\Roaming\Python\Python314\site-packages\django\db\models\base.py", line 556, in __init__
    _setattr(self, prop, value)
    ~~~~~~~~^^^^^^^^^^^^^^^^^^^
AttributeError: property 'display_name' of 'User' object has no setter

======================================================================
ERROR: test_cannot_add_non_workspace_member 
(test_project_membership.ProjectMembershipTests.test_cannot_add_non_workspace_member)
----------------------------------------------------------------------
Traceback (most recent call last):
  File "C:\Users\Shreya\Multi_TT\tests\test_project_membership.py", line 15, in setUp
    self.user_admin = User.objects.create_user(email="admin@example.com", password="Pass1", display_name="Admin")
                      ~~~~~~~~~~~~~~~~~~~~~~~~^^^^^^^^^^^^^^^^^^^^^^^^^^^^^^^^^^^^^^^^^^^^^^^^^^^^^^^^^^^^^^^^^^^
  File "C:\Users\Shreya\Multi_TT\apps\accounts\managers.py", line 20, in create_user
    return self._create_user(email, password, **extra_fields)
           ~~~~~~~~~~~~~~~~~^^^^^^^^^^^^^^^^^^^^^^^^^^^^^^^^^
  File "C:\Users\Shreya\Multi_TT\apps\accounts\managers.py", line 12, in _create_user
    user = self.model(email=email, **extra_fields)
  File "C:\Users\Shreya\AppData\Roaming\Python\Python314\site-packages\django\db\models\base.py", line 556, in __init__
    _setattr(self, prop, value)
    ~~~~~~~~^^^^^^^^^^^^^^^^^^^
AttributeError: property 'display_name' of 'User' object has no setter

======================================================================
ERROR: test_regular_member_cannot_manage_members 
(test_project_membership.ProjectMembershipTests.test_regular_member_cannot_manage_members)
----------------------------------------------------------------------
Traceback (most recent call last):
  File "C:\Users\Shreya\Multi_TT\tests\test_project_membership.py", line 15, in setUp
    self.user_admin = User.objects.create_user(email="admin@example.com", password="Pass1", display_name="Admin")
                      ~~~~~~~~~~~~~~~~~~~~~~~~^^^^^^^^^^^^^^^^^^^^^^^^^^^^^^^^^^^^^^^^^^^^^^^^^^^^^^^^^^^^^^^^^^^
  File "C:\Users\Shreya\Multi_TT\apps\accounts\managers.py", line 20, in create_user
    return self._create_user(email, password, **extra_fields)
           ~~~~~~~~~~~~~~~~~^^^^^^^^^^^^^^^^^^^^^^^^^^^^^^^^^
  File "C:\Users\Shreya\Multi_TT\apps\accounts\managers.py", line 12, in _create_user
    user = self.model(email=email, **extra_fields)
  File "C:\Users\Shreya\AppData\Roaming\Python\Python314\site-packages\django\db\models\base.py", line 556, in __init__
    _setattr(self, prop, value)
    ~~~~~~~~^^^^^^^^^^^^^^^^^^^
AttributeError: property 'display_name' of 'User' object has no setter

======================================================================
ERROR: test_remove_member_unassigns_tasks 
(test_project_membership.ProjectMembershipTests.test_remove_member_unassigns_tasks)
----------------------------------------------------------------------
Traceback (most recent call last):
  File "C:\Users\Shreya\Multi_TT\tests\test_project_membership.py", line 15, in setUp
    self.user_admin = User.objects.create_user(email="admin@example.com", password="Pass1", display_name="Admin")
                      ~~~~~~~~~~~~~~~~~~~~~~~~^^^^^^^^^^^^^^^^^^^^^^^^^^^^^^^^^^^^^^^^^^^^^^^^^^^^^^^^^^^^^^^^^^^
  File "C:\Users\Shreya\Multi_TT\apps\accounts\managers.py", line 20, in create_user
    return self._create_user(email, password, **extra_fields)
           ~~~~~~~~~~~~~~~~~^^^^^^^^^^^^^^^^^^^^^^^^^^^^^^^^^
  File "C:\Users\Shreya\Multi_TT\apps\accounts\managers.py", line 12, in _create_user
    user = self.model(email=email, **extra_fields)
  File "C:\Users\Shreya\AppData\Roaming\Python\Python314\site-packages\django\db\models\base.py", line 556, in __init__
    _setattr(self, prop, value)
    ~~~~~~~~^^^^^^^^^^^^^^^^^^^
AttributeError: property 'display_name' of 'User' object has no setter

======================================================================
FAIL: test_assign_to_non_project_member_fails 
(test_task_assignment_validation.TaskAssignmentTests.test_assign_to_non_project_member_fails)
----------------------------------------------------------------------
Traceback (most recent call last):
  File "C:\Users\Shreya\Multi_TT\tests\test_task_assignment_validation.py", line 54, in 
test_assign_to_non_project_member_fails
    self.assertIn("assignee", response.data)
    ~~~~~~~~~~~~~^^^^^^^^^^^^^^^^^^^^^^^^^^^
AssertionError: 'assignee' not found in {'error': 'validation_error', 'detail': {'assignee': 
[ErrorDetail(string='Assignee must be a member of this project.', code='invalid')]}}

======================================================================
FAIL: test_inactive_tenant_returns_403 (test_tenant_isolation.TenantIsolationTests.test_inactive_tenant_returns_403)
----------------------------------------------------------------------
Traceback (most recent call last):
  File "C:\Users\Shreya\Multi_TT\tests\test_tenant_isolation.py", line 47, in test_inactive_tenant_returns_403
    self.assertEqual(response.data["error"], "tenant_inactive")
    ~~~~~~~~~~~~~~~~^^^^^^^^^^^^^^^^^^^^^^^^^^^^^^^^^^^^^^^^^^^
AssertionError: 'error' != 'tenant_inactive'
- error
+ tenant_inactive


======================================================================
FAIL: test_missing_tenant_header_returns_400 
(test_tenant_isolation.TenantIsolationTests.test_missing_tenant_header_returns_400)
----------------------------------------------------------------------
Traceback (most recent call last):
  File "C:\Users\Shreya\Multi_TT\tests\test_tenant_isolation.py", line 28, in test_missing_tenant_header_returns_400
    self.assertEqual(response.status_code, status.HTTP_400_BAD_REQUEST)
    ~~~~~~~~~~~~~~~~^^^^^^^^^^^^^^^^^^^^^^^^^^^^^^^^^^^^^^^^^^^^^^^^^^^
AssertionError: 403 != 400

======================================================================
FAIL: test_nonexistent_tenant_slug_returns_404 
(test_tenant_isolation.TenantIsolationTests.test_nonexistent_tenant_slug_returns_404)
----------------------------------------------------------------------
Traceback (most recent call last):
  File "C:\Users\Shreya\Multi_TT\tests\test_tenant_isolation.py", line 33, in test_nonexistent_tenant_slug_returns_404
    self.assertEqual(response.status_code, status.HTTP_404_NOT_FOUND)
    ~~~~~~~~~~~~~~~~^^^^^^^^^^^^^^^^^^^^^^^^^^^^^^^^^^^^^^^^^^^^^^^^^
AssertionError: 403 != 404

======================================================================
FAIL: test_valid_slug_without_membership_returns_403 
(test_tenant_isolation.TenantIsolationTests.test_valid_slug_without_membership_returns_403)
----------------------------------------------------------------------
Traceback (most recent call last):
  File "C:\Users\Shreya\Multi_TT\tests\test_tenant_isolation.py", line 39, in 
test_valid_slug_without_membership_returns_403
    self.assertEqual(response.data["error"], "tenant_access_denied")
    ~~~~~~~~~~~~~~~~^^^^^^^^^^^^^^^^^^^^^^^^^^^^^^^^^^^^^^^^^^^^^^^^
AssertionError: 'error' != 'tenant_access_denied'
- error
+ tenant_access_denied


----------------------------------------------------------------------
Ran 29 tests in 50.140s

FAILED (failures=5, errors=4)
Destroying test database for alias 'default'...

